// Jest Snapshot v1, https://goo.gl/fbAQLP

exports[`page downloading failed (404) 1`] = `"Request failed with status code 404"`;

exports[`save page to forbidden directory 1`] = `"EACCES: permission denied, access '/'"`;

exports[`save page to unexistent directory 1`] = `"ENOENT: no such file or directory, access '/unexisted_directory'"`;
